MSBuild version 17.14.51+25f168cee for .NET Framework

  Checking File Globs
  1>Checking Build System
  Generating GestureRack_artefacts/JuceLibraryCode/GestureRack_resources.rc
  Building Custom Rule D:/a/GestureRack/GestureRack/CMakeLists.txt
  Building VST3 manifest helper for GestureRack
  -- Selecting Windows SDK version 10.0.26100.0 to target Windows 10.0.20348.
  -- The CXX compiler identification is MSVC 19.44.35228.0
  -- Detecting CXX compiler ABI info
  -- Detecting CXX compiler ABI info - done
  -- Check for working CXX compiler: C:/Program Files/Microsoft Visual Studio/2022/Enterprise/VC/Tools/MSVC/14.44.35207/bin/Hostx64/x64/cl.exe - skipped
  -- Detecting CXX compile features
  -- Detecting CXX compile features - done
  -- Configuring done (1.7s)
  -- Generating done (0.0s)
  -- Build files have been written to: D:/a/GestureRack/GestureRack/build/vst3_helpers/GestureRack
  MSBuild version 17.14.51+25f168cee for .NET Framework
  
    1>Checking Build System
    Building Custom Rule D:/a/GestureRack/GestureRack/JUCE/extras/Build/CMake/juce_vst3_helper/CMakeLists.txt
    juce_VST3ManifestHelper.cpp
    vst3_helper.vcxproj -> D:\a\GestureRack\GestureRack\build\vst3_helpers\GestureRack\vst3_helper.exe
    Building Custom Rule D:/a/GestureRack/GestureRack/JUCE/extras/Build/CMake/juce_vst3_helper/CMakeLists.txt
  Building Custom Rule D:/a/GestureRack/GestureRack/CMakeLists.txt
  GestureRack_rc_lib.vcxproj -> D:\a\GestureRack\GestureRack\build\GestureRack_rc_lib.dir\Release\GestureRack_rc_lib.lib
  Generating juce_binarydata_GestureRackFonts/JuceLibraryCode/BinaryData1.cpp, juce_binarydata_GestureRackFonts/JuceLibraryCode/BinaryData2.cpp, juce_binarydata_GestureRackFonts/JuceLibraryCode/BinaryData3.cpp, juce_binarydata_GestureRackFonts/JuceLibraryCode/BinaryData4.cpp, juce_binarydata_GestureRackFonts/JuceLibraryCode/BinaryData.h
  Generating GestureRackScanner_artefacts/JuceLibraryCode/GestureRackScanner_resources.rc
  Building Custom Rule D:/a/GestureRack/GestureRack/CMakeLists.txt
  Building Custom Rule D:/a/GestureRack/GestureRack/CMakeLists.txt
  BinaryData1.cpp
  BinaryData2.cpp
  BinaryData3.cpp
  GestureRackScanner_rc_lib.vcxproj -> D:\a\GestureRack\GestureRack\build\GestureRackScanner_rc_lib.dir\Release\GestureRackScanner_rc_lib.lib
  Generating GestureRackScanner_artefacts/JuceLibraryCode/JuceHeader.h
  Building Custom Rule D:/a/GestureRack/GestureRack/CMakeLists.txt
  BinaryData4.cpp
  PluginCategory.cpp
  Generating Code...
  GestureRackFonts.vcxproj -> D:\a\GestureRack\GestureRack\build\Release\GestureRackFonts.lib
  Generating GestureRack_artefacts/JuceLibraryCode/JuceHeader.h
  Building Custom Rule D:/a/GestureRack/GestureRack/CMakeLists.txt
  GestureBinding.cpp
  ScannerMain.cpp
  GestureMappingEngine.cpp
  juce_audio_utils.cpp
  RightGestureRuntime.cpp
  ParameterLearnManager.cpp
  juce_audio_processors.cpp
  ParameterInspector.cpp
  juce_gui_extra.cpp
  VisionReceiver.cpp
  juce_gui_basics.cpp
D:\a\GestureRack\GestureRack\Source\VisionReceiver.cpp(167,83): warning C4267: 'argument': conversion from 'size_t' to 'int', possible loss of data [D:\a\GestureRack\GestureRack\build\GestureRack.vcxproj]
  VisionFrameReader.cpp
  juce_gui_basics_2.cpp
  GestureBypassWrapper.cpp
D:\a\GestureRack\GestureRack\Source\GestureBypassWrapper.cpp(5,23): error C2248: 'juce::AudioProcessor::BusesProperties': cannot access protected struct declared in class 'juce::AudioProcessor' [D:\a\GestureRack\GestureRack\build\GestureRack.vcxproj]
      D:\a\GestureRack\GestureRack\JUCE\modules\juce_audio_processors_headless\processors\juce_AudioProcessor.h(1489,12):
      see declaration of 'juce::AudioProcessor::BusesProperties'
      D:\a\GestureRack\GestureRack\JUCE\modules\juce_audio_processors_headless\processors\juce_AudioProcessor.h(59,17):
      see declaration of 'juce::AudioProcessor'
  
D:\a\GestureRack\GestureRack\Source\GestureBypassWrapper.cpp(14,38): error C2248: 'juce::AudioProcessor::BusesProperties': cannot access protected struct declared in class 'juce::AudioProcessor' [D:\a\GestureRack\GestureRack\build\GestureRack.vcxproj]
      D:\a\GestureRack\GestureRack\JUCE\modules\juce_audio_processors_headless\processors\juce_AudioProcessor.h(1489,12):
      see declaration of 'juce::AudioProcessor::BusesProperties'
      D:\a\GestureRack\GestureRack\JUCE\modules\juce_audio_processors_headless\processors\juce_AudioProcessor.h(59,17):
      see declaration of 'juce::AudioProcessor'
  
D:\a\GestureRack\GestureRack\Source\GestureBypassWrapper.cpp(24,34): error C2248: 'juce::AudioProcessor::BusesProperties': cannot access protected struct declared in class 'juce::AudioProcessor' [D:\a\GestureRack\GestureRack\build\GestureRack.vcxproj]
      D:\a\GestureRack\GestureRack\JUCE\modules\juce_audio_processors_headless\processors\juce_AudioProcessor.h(1489,12):
      see declaration of 'juce::AudioProcessor::BusesProperties'
      D:\a\GestureRack\GestureRack\JUCE\modules\juce_audio_processors_headless\processors\juce_AudioProcessor.h(59,17):
      see declaration of 'juce::AudioProcessor'
  
D:\a\GestureRack\GestureRack\Source\GestureBypassWrapper.cpp(221,38): warning C4996: 'juce::AudioProcessor::createEditorIfNeeded': Prefer createEditorAndMakeActive() [D:\a\GestureRack\GestureRack\build\GestureRack.vcxproj]
  PluginSlot.cpp
  juce_gui_basics_3.cpp
  RackGraphManager.cpp
  juce_gui_basics_4.cpp
  PluginProcessor.cpp
  juce_gui_basics_5.cpp
D:\a\GestureRack\GestureRack\Source\PluginProcessor.cpp(478,16): warning C4458: declaration of 'blockSize' hides class member [D:\a\GestureRack\GestureRack\build\GestureRack.vcxproj]
      D:\a\GestureRack\GestureRack\JUCE\modules\juce_audio_processors_headless\processors\juce_AudioProcessor.h(1649,9):
      see declaration of 'juce::AudioProcessor::blockSize'
  
  RackInteraction.cpp
  juce_graphics.cpp
  PluginCategory.cpp
  PluginBrowser.cpp
  juce_graphics_Harfbuzz.cpp
  PluginEditor.cpp
  juce_audio_processors.cpp
  juce_events.cpp
  juce_core.cpp
  juce_gui_extra.cpp
  juce_core_CompilationTime.cpp
  juce_data_structures.cpp
  juce_audio_processors_headless.cpp
  juce_gui_basics.cpp
  juce_audio_processors_headless_ara.cpp
  juce_audio_processors_headless_lv2_libs.cpp
  juce_audio_basics.cpp
  juce_gui_basics_2.cpp
  Generating Code...
  juce_gui_basics_3.cpp
  Generating Code...
  Compiling...
  juce_gui_basics_4.cpp
  juce_gui_basics_5.cpp
  juce_graphics.cpp
  juce_graphics_Harfbuzz.cpp
  juce_events.cpp
  juce_core.cpp
  Compiling...
  juce_audio_formats.cpp
  juce_core_CompilationTime.cpp
  juce_data_structures.cpp
  juce_audio_devices.cpp
  juce_audio_processors_headless.cpp
  Generating Code...
  juce_audio_processors_headless_ara.cpp
  juce_audio_processors_headless_lv2_libs.cpp
  juce_audio_basics.cpp
  juce_audio_utils.cpp
  juce_graphics_Sheenbidi.c
  GestureRackScanner.vcxproj -> D:\a\GestureRack\GestureRack\build\GestureRackScanner_artefacts\Release\GestureRackScanner.exe
  juce_audio_formats.cpp
  juce_audio_devices.cpp
  juce_dsp.cpp
  Generating Code...
